// Jest Snapshot v1, https://goo.gl/fbAQLP

exports[`snapshot for Header 1`] = `
Object {
  "asFragment": [Function],
  "baseElement": <body>
    <div>
      <div
        class="generations-section"
      >
        <h1
          class="title"
        >
          Pokemon World
        </h1>
        <h2
          class="pokemon-species"
        >
          905 Pokemon Species
        </h2>
        <h4
          class="region-stats"
        >
          SPECIES BY REGION
        </h4>
        <div
          class="generations"
        >
          <a
            class="kanto-link"
            href="/Generation1"
          >
            <img
              alt="Kanto"
              class="region"
              src="kanto.png"
            />
            <h3
              class="region-name"
            >
              KANTO
            </h3>
            <h3
              class="region-name"
            >
              -754 species
            </h3>
          </a>
          <a
            class="johto-link"
            href="/Generation2"
          >
            <img
              alt="Johto"
              class="region"
              src="johto.png"
            />
            <h3
              class="region-name"
            >
              JOHTO
            </h3>
            <h3
              class="region-name"
            >
              -805 species
            </h3>
          </a>
          <a
            class="hoenn-link"
            href="/Generation3"
          >
            <img
              alt="Hoenn"
              class="region"
              src="hoenn.png"
            />
            <h3
              class="region-name"
            >
              HOENN
            </h3>
            <h3
              class="region-name"
            >
              -770 species
            </h3>
          </a>
          <a
            class="sinnoh-link"
            href="/Generation4"
          >
            <img
              alt="Sinnoh"
              class="region"
              src="sinnoh.png"
            />
            <h3
              class="region-name"
            >
              SINNOH
            </h3>
            <h3
              class="region-name"
            >
              -798 species
            </h3>
          </a>
          <a
            class="teselia-link"
            href="/Generation5"
          >
            <img
              alt="Teselia"
              class="region"
              src="teselia.png"
            />
            <h3
              class="region-name"
            >
              TESELIA
            </h3>
            <h3
              class="region-name"
            >
              -749 species
            </h3>
          </a>
          <a
            class="kalos-link"
            href="/Generation6"
          >
            <img
              alt="Kalos"
              class="region"
              src="kalos.png"
            />
            <h3
              class="region-name"
            >
              KALOS
            </h3>
            <h3
              class="region-name"
            >
              -833 species
            </h3>
          </a>
          <a
            class="alola-link"
            href="/Generation7"
          >
            <img
              alt="Alola"
              class="region"
              src="alola.png"
            />
            <h3
              class="region-name"
            >
              ALOLA
            </h3>
            <h3
              class="region-name"
            >
              -817 species
            </h3>
          </a>
          <a
            class="galar-link"
            href="/Generation8"
          >
            <img
              alt="Galar"
              class="region"
              src="galar.png"
            />
            <h3
              class="region-name"
            >
              GALAR
            </h3>
            <h3
              class="region-name"
            >
              -809 species
            </h3>
          </a>
        </div>
      </div>
    </div>
  </body>,
  "container": <div>
    <div
      class="generations-section"
    >
      <h1
        class="title"
      >
        Pokemon World
      </h1>
      <h2
        class="pokemon-species"
      >
        905 Pokemon Species
      </h2>
      <h4
        class="region-stats"
      >
        SPECIES BY REGION
      </h4>
      <div
        class="generations"
      >
        <a
          class="kanto-link"
          href="/Generation1"
        >
          <img
            alt="Kanto"
            class="region"
            src="kanto.png"
          />
          <h3
            class="region-name"
          >
            KANTO
          </h3>
          <h3
            class="region-name"
          >
            -754 species
          </h3>
        </a>
        <a
          class="johto-link"
          href="/Generation2"
        >
          <img
            alt="Johto"
            class="region"
            src="johto.png"
          />
          <h3
            class="region-name"
          >
            JOHTO
          </h3>
          <h3
            class="region-name"
          >
            -805 species
          </h3>
        </a>
        <a
          class="hoenn-link"
          href="/Generation3"
        >
          <img
            alt="Hoenn"
            class="region"
            src="hoenn.png"
          />
          <h3
            class="region-name"
          >
            HOENN
          </h3>
          <h3
            class="region-name"
          >
            -770 species
          </h3>
        </a>
        <a
          class="sinnoh-link"
          href="/Generation4"
        >
          <img
            alt="Sinnoh"
            class="region"
            src="sinnoh.png"
          />
          <h3
            class="region-name"
          >
            SINNOH
          </h3>
          <h3
            class="region-name"
          >
            -798 species
          </h3>
        </a>
        <a
          class="teselia-link"
          href="/Generation5"
        >
          <img
            alt="Teselia"
            class="region"
            src="teselia.png"
          />
          <h3
            class="region-name"
          >
            TESELIA
          </h3>
          <h3
            class="region-name"
          >
            -749 species
          </h3>
        </a>
        <a
          class="kalos-link"
          href="/Generation6"
        >
          <img
            alt="Kalos"
            class="region"
            src="kalos.png"
          />
          <h3
            class="region-name"
          >
            KALOS
          </h3>
          <h3
            class="region-name"
          >
            -833 species
          </h3>
        </a>
        <a
          class="alola-link"
          href="/Generation7"
        >
          <img
            alt="Alola"
            class="region"
            src="alola.png"
          />
          <h3
            class="region-name"
          >
            ALOLA
          </h3>
          <h3
            class="region-name"
          >
            -817 species
          </h3>
        </a>
        <a
          class="galar-link"
          href="/Generation8"
        >
          <img
            alt="Galar"
            class="region"
            src="galar.png"
          />
          <h3
            class="region-name"
          >
            GALAR
          </h3>
          <h3
            class="region-name"
          >
            -809 species
          </h3>
        </a>
      </div>
    </div>
  </div>,
  "debug": [Function],
  "findAllByAltText": [Function],
  "findAllByDisplayValue": [Function],
  "findAllByLabelText": [Function],
  "findAllByPlaceholderText": [Function],
  "findAllByRole": [Function],
  "findAllByTestId": [Function],
  "findAllByText": [Function],
  "findAllByTitle": [Function],
  "findByAltText": [Function],
  "findByDisplayValue": [Function],
  "findByLabelText": [Function],
  "findByPlaceholderText": [Function],
  "findByRole": [Function],
  "findByTestId": [Function],
  "findByText": [Function],
  "findByTitle": [Function],
  "getAllByAltText": [Function],
  "getAllByDisplayValue": [Function],
  "getAllByLabelText": [Function],
  "getAllByPlaceholderText": [Function],
  "getAllByRole": [Function],
  "getAllByTestId": [Function],
  "getAllByText": [Function],
  "getAllByTitle": [Function],
  "getByAltText": [Function],
  "getByDisplayValue": [Function],
  "getByLabelText": [Function],
  "getByPlaceholderText": [Function],
  "getByRole": [Function],
  "getByTestId": [Function],
  "getByText": [Function],
  "getByTitle": [Function],
  "queryAllByAltText": [Function],
  "queryAllByDisplayValue": [Function],
  "queryAllByLabelText": [Function],
  "queryAllByPlaceholderText": [Function],
  "queryAllByRole": [Function],
  "queryAllByTestId": [Function],
  "queryAllByText": [Function],
  "queryAllByTitle": [Function],
  "queryByAltText": [Function],
  "queryByDisplayValue": [Function],
  "queryByLabelText": [Function],
  "queryByPlaceholderText": [Function],
  "queryByRole": [Function],
  "queryByTestId": [Function],
  "queryByText": [Function],
  "queryByTitle": [Function],
  "rerender": [Function],
  "unmount": [Function],
}
`;
